[W 2025-03-03 10:11:56.607 ServerApp] ServerApp.password config is deprecated in 2.0. Use PasswordIdentityProvider.hashed_password.
[W 2025-03-03 10:11:56.938 ServerApp] nbclassic | error adding extension (enabled: True): The module 'nbclassic' could not be found (No module named 'nbclassic'). Are you sure the extension is installed?
    Traceback (most recent call last):
      File "/home/mauro/opt/virtualenv/lib/python3.13/site-packages/jupyter_server/extension/manager.py", line 323, in add_extension
        extpkg = ExtensionPackage(name=extension_name, enabled=enabled)
      File "/home/mauro/opt/virtualenv/lib/python3.13/site-packages/jupyter_server/extension/manager.py", line 187, in __init__
        self._load_metadata()
        ~~~~~~~~~~~~~~~~~~~^^
      File "/home/mauro/opt/virtualenv/lib/python3.13/site-packages/jupyter_server/extension/manager.py", line 202, in _load_metadata
        raise ExtensionModuleNotFound(msg) from None
    jupyter_server.extension.utils.ExtensionModuleNotFound: The module 'nbclassic' could not be found (No module named 'nbclassic'). Are you sure the extension is installed?
[I 2025-03-03 10:11:56.939 ServerApp] jupyter_lsp | extension was successfully linked.
[I 2025-03-03 10:11:56.941 ServerApp] jupyter_server_terminals | extension was successfully linked.
[I 2025-03-03 10:11:56.943 ServerApp] jupyterlab | extension was successfully linked.
[W 2025-03-03 10:11:56.944 JupyterNotebookApp] 'password' has moved from NotebookApp to ServerApp. This config will be passed to ServerApp. Be sure to update your config before our next release.
[I 2025-03-03 10:11:56.945 ServerApp] notebook | extension was successfully linked.
[I 2025-03-03 10:11:57.063 ServerApp] notebook_shim | extension was successfully linked.
[I 2025-03-03 10:11:57.070 ServerApp] notebook_shim | extension was successfully loaded.
[I 2025-03-03 10:11:57.071 ServerApp] jupyter_lsp | extension was successfully loaded.
[I 2025-03-03 10:11:57.071 ServerApp] jupyter_server_terminals | extension was successfully loaded.
[I 2025-03-03 10:11:57.072 LabApp] JupyterLab extension loaded from /home/mauro/opt/virtualenv/lib/python3.13/site-packages/jupyterlab
[I 2025-03-03 10:11:57.072 LabApp] JupyterLab application directory is /home/mauro/opt/virtualenv/share/jupyter/lab
[I 2025-03-03 10:11:57.072 LabApp] Extension Manager is 'pypi'.
[I 2025-03-03 10:11:57.088 ServerApp] jupyterlab | extension was successfully loaded.
[I 2025-03-03 10:11:57.089 ServerApp] notebook | extension was successfully loaded.
[I 2025-03-03 10:11:57.090 ServerApp] Serving notebooks from local directory: /home/mauro/GitHub/SciCompforChemists_UNIMORE
[I 2025-03-03 10:11:57.090 ServerApp] Jupyter Server 2.15.0 is running at:
[I 2025-03-03 10:11:57.090 ServerApp] http://localhost:8888/tree
[I 2025-03-03 10:11:57.090 ServerApp]     http://127.0.0.1:8888/tree
[I 2025-03-03 10:11:57.090 ServerApp] Use Control-C to stop this server and shut down all kernels (twice to skip confirmation).
[I 2025-03-03 10:11:57.489 ServerApp] Skipped non-installed server(s): bash-language-server, dockerfile-language-server-nodejs, javascript-typescript-langserver, jedi-language-server, julia-language-server, pyright, python-language-server, r-languageserver, sql-language-server, texlab, typescript-language-server, unified-language-server, vscode-css-languageserver-bin, vscode-html-languageserver-bin, vscode-json-languageserver-bin, yaml-language-server
[W 2025-03-03 10:12:03.088 ServerApp] 404 GET /api/kernels/887a07f5-80f1-49c9-adfc-a1b28363b7ef?1740993123086 (::1): Kernel does not exist: 887a07f5-80f1-49c9-adfc-a1b28363b7ef
[W 2025-03-03 10:12:03.088 ServerApp] wrote error: 'Kernel does not exist: 887a07f5-80f1-49c9-adfc-a1b28363b7ef'
    Traceback (most recent call last):
      File "/home/mauro/opt/virtualenv/lib/python3.13/site-packages/tornado/web.py", line 1790, in _execute
        result = await result
                 ^^^^^^^^^^^^
      File "/home/mauro/opt/virtualenv/lib/python3.13/site-packages/jupyter_server/auth/decorator.py", line 73, in inner
        return await out
               ^^^^^^^^^
      File "/home/mauro/opt/virtualenv/lib/python3.13/site-packages/jupyter_server/services/kernels/handlers.py", line 75, in get
        model = await ensure_async(km.kernel_model(kernel_id))
                                   ~~~~~~~~~~~~~~~^^^^^^^^^^^
      File "/home/mauro/opt/virtualenv/lib/python3.13/site-packages/jupyter_server/services/kernels/kernelmanager.py", line 508, in kernel_model
        self._check_kernel_id(kernel_id)
        ~~~~~~~~~~~~~~~~~~~~~^^^^^^^^^^^
      File "/home/mauro/opt/virtualenv/lib/python3.13/site-packages/jupyter_server/services/kernels/kernelmanager.py", line 539, in _check_kernel_id
        raise web.HTTPError(404, "Kernel does not exist: %s" % kernel_id)
    tornado.web.HTTPError: HTTP 404: Not Found (Kernel does not exist: 887a07f5-80f1-49c9-adfc-a1b28363b7ef)
[W 2025-03-03 10:12:03.090 ServerApp] 404 GET /api/kernels/887a07f5-80f1-49c9-adfc-a1b28363b7ef?1740993123086 (ebe3a3725c9a417bb492610fa0b46d74@::1) 1.66ms referer=http://localhost:8888/lab
[W 2025-03-03 10:12:04.088 ServerApp] 404 GET /api/kernels/887a07f5-80f1-49c9-adfc-a1b28363b7ef/channels?session_id=78b3be2f-7cb0-4d49-9ab3-870f811618c6 (::1): Kernel does not exist: 887a07f5-80f1-49c9-adfc-a1b28363b7ef
[W 2025-03-03 10:12:04.095 ServerApp] 404 GET /api/kernels/887a07f5-80f1-49c9-adfc-a1b28363b7ef/channels?session_id=78b3be2f-7cb0-4d49-9ab3-870f811618c6 (ebe3a3725c9a417bb492610fa0b46d74@::1) 7.11ms referer=None
[W 2025-03-03 10:12:04.096 ServerApp] 404 GET /api/kernels/887a07f5-80f1-49c9-adfc-a1b28363b7ef?1740993124095 (::1): Kernel does not exist: 887a07f5-80f1-49c9-adfc-a1b28363b7ef
[W 2025-03-03 10:12:04.096 ServerApp] wrote error: 'Kernel does not exist: 887a07f5-80f1-49c9-adfc-a1b28363b7ef'
    Traceback (most recent call last):
      File "/home/mauro/opt/virtualenv/lib/python3.13/site-packages/tornado/web.py", line 1790, in _execute
        result = await result
                 ^^^^^^^^^^^^
      File "/home/mauro/opt/virtualenv/lib/python3.13/site-packages/jupyter_server/auth/decorator.py", line 73, in inner
        return await out
               ^^^^^^^^^
      File "/home/mauro/opt/virtualenv/lib/python3.13/site-packages/jupyter_server/services/kernels/handlers.py", line 75, in get
        model = await ensure_async(km.kernel_model(kernel_id))
                                   ~~~~~~~~~~~~~~~^^^^^^^^^^^
      File "/home/mauro/opt/virtualenv/lib/python3.13/site-packages/jupyter_server/services/kernels/kernelmanager.py", line 508, in kernel_model
        self._check_kernel_id(kernel_id)
        ~~~~~~~~~~~~~~~~~~~~~^^^^^^^^^^^
      File "/home/mauro/opt/virtualenv/lib/python3.13/site-packages/jupyter_server/services/kernels/kernelmanager.py", line 539, in _check_kernel_id
        raise web.HTTPError(404, "Kernel does not exist: %s" % kernel_id)
    tornado.web.HTTPError: HTTP 404: Not Found (Kernel does not exist: 887a07f5-80f1-49c9-adfc-a1b28363b7ef)
[W 2025-03-03 10:12:04.097 ServerApp] 404 GET /api/kernels/887a07f5-80f1-49c9-adfc-a1b28363b7ef?1740993124095 (ebe3a3725c9a417bb492610fa0b46d74@::1) 0.85ms referer=http://localhost:8888/lab
[W 2025-03-03 10:12:06.089 ServerApp] 404 GET /api/kernels/887a07f5-80f1-49c9-adfc-a1b28363b7ef/channels?session_id=78b3be2f-7cb0-4d49-9ab3-870f811618c6 (::1): Kernel does not exist: 887a07f5-80f1-49c9-adfc-a1b28363b7ef
[W 2025-03-03 10:12:06.090 ServerApp] 404 GET /api/kernels/887a07f5-80f1-49c9-adfc-a1b28363b7ef/channels?session_id=78b3be2f-7cb0-4d49-9ab3-870f811618c6 (ebe3a3725c9a417bb492610fa0b46d74@::1) 0.82ms referer=None
[W 2025-03-03 10:12:06.093 ServerApp] 404 GET /api/kernels/887a07f5-80f1-49c9-adfc-a1b28363b7ef?1740993126092 (::1): Kernel does not exist: 887a07f5-80f1-49c9-adfc-a1b28363b7ef
[W 2025-03-03 10:12:06.093 ServerApp] wrote error: 'Kernel does not exist: 887a07f5-80f1-49c9-adfc-a1b28363b7ef'
    Traceback (most recent call last):
      File "/home/mauro/opt/virtualenv/lib/python3.13/site-packages/tornado/web.py", line 1790, in _execute
        result = await result
                 ^^^^^^^^^^^^
      File "/home/mauro/opt/virtualenv/lib/python3.13/site-packages/jupyter_server/auth/decorator.py", line 73, in inner
        return await out
               ^^^^^^^^^
      File "/home/mauro/opt/virtualenv/lib/python3.13/site-packages/jupyter_server/services/kernels/handlers.py", line 75, in get
        model = await ensure_async(km.kernel_model(kernel_id))
                                   ~~~~~~~~~~~~~~~^^^^^^^^^^^
      File "/home/mauro/opt/virtualenv/lib/python3.13/site-packages/jupyter_server/services/kernels/kernelmanager.py", line 508, in kernel_model
        self._check_kernel_id(kernel_id)
        ~~~~~~~~~~~~~~~~~~~~~^^^^^^^^^^^
      File "/home/mauro/opt/virtualenv/lib/python3.13/site-packages/jupyter_server/services/kernels/kernelmanager.py", line 539, in _check_kernel_id
        raise web.HTTPError(404, "Kernel does not exist: %s" % kernel_id)
    tornado.web.HTTPError: HTTP 404: Not Found (Kernel does not exist: 887a07f5-80f1-49c9-adfc-a1b28363b7ef)
[W 2025-03-03 10:12:06.094 ServerApp] 404 GET /api/kernels/887a07f5-80f1-49c9-adfc-a1b28363b7ef?1740993126092 (ebe3a3725c9a417bb492610fa0b46d74@::1) 0.97ms referer=http://localhost:8888/lab
[W 2025-03-03 10:12:07.090 ServerApp] 404 GET /api/kernels/887a07f5-80f1-49c9-adfc-a1b28363b7ef/channels?session_id=78b3be2f-7cb0-4d49-9ab3-870f811618c6 (::1): Kernel does not exist: 887a07f5-80f1-49c9-adfc-a1b28363b7ef
[W 2025-03-03 10:12:07.091 ServerApp] 404 GET /api/kernels/887a07f5-80f1-49c9-adfc-a1b28363b7ef/channels?session_id=78b3be2f-7cb0-4d49-9ab3-870f811618c6 (ebe3a3725c9a417bb492610fa0b46d74@::1) 0.70ms referer=None
[W 2025-03-03 10:12:07.092 ServerApp] 404 GET /api/kernels/887a07f5-80f1-49c9-adfc-a1b28363b7ef?1740993127091 (::1): Kernel does not exist: 887a07f5-80f1-49c9-adfc-a1b28363b7ef
[W 2025-03-03 10:12:07.092 ServerApp] wrote error: 'Kernel does not exist: 887a07f5-80f1-49c9-adfc-a1b28363b7ef'
    Traceback (most recent call last):
      File "/home/mauro/opt/virtualenv/lib/python3.13/site-packages/tornado/web.py", line 1790, in _execute
        result = await result
                 ^^^^^^^^^^^^
      File "/home/mauro/opt/virtualenv/lib/python3.13/site-packages/jupyter_server/auth/decorator.py", line 73, in inner
        return await out
               ^^^^^^^^^
      File "/home/mauro/opt/virtualenv/lib/python3.13/site-packages/jupyter_server/services/kernels/handlers.py", line 75, in get
        model = await ensure_async(km.kernel_model(kernel_id))
                                   ~~~~~~~~~~~~~~~^^^^^^^^^^^
      File "/home/mauro/opt/virtualenv/lib/python3.13/site-packages/jupyter_server/services/kernels/kernelmanager.py", line 508, in kernel_model
        self._check_kernel_id(kernel_id)
        ~~~~~~~~~~~~~~~~~~~~~^^^^^^^^^^^
      File "/home/mauro/opt/virtualenv/lib/python3.13/site-packages/jupyter_server/services/kernels/kernelmanager.py", line 539, in _check_kernel_id
        raise web.HTTPError(404, "Kernel does not exist: %s" % kernel_id)
    tornado.web.HTTPError: HTTP 404: Not Found (Kernel does not exist: 887a07f5-80f1-49c9-adfc-a1b28363b7ef)
[W 2025-03-03 10:12:07.093 ServerApp] 404 GET /api/kernels/887a07f5-80f1-49c9-adfc-a1b28363b7ef?1740993127091 (ebe3a3725c9a417bb492610fa0b46d74@::1) 0.81ms referer=http://localhost:8888/lab
[W 2025-03-03 10:12:09.089 ServerApp] 404 GET /api/kernels/887a07f5-80f1-49c9-adfc-a1b28363b7ef/channels?session_id=78b3be2f-7cb0-4d49-9ab3-870f811618c6 (::1): Kernel does not exist: 887a07f5-80f1-49c9-adfc-a1b28363b7ef
[W 2025-03-03 10:12:09.089 ServerApp] 404 GET /api/kernels/887a07f5-80f1-49c9-adfc-a1b28363b7ef/channels?session_id=78b3be2f-7cb0-4d49-9ab3-870f811618c6 (ebe3a3725c9a417bb492610fa0b46d74@::1) 0.66ms referer=None
[W 2025-03-03 10:12:09.090 ServerApp] 404 GET /api/kernels/887a07f5-80f1-49c9-adfc-a1b28363b7ef?1740993129089 (::1): Kernel does not exist: 887a07f5-80f1-49c9-adfc-a1b28363b7ef
[W 2025-03-03 10:12:09.091 ServerApp] wrote error: 'Kernel does not exist: 887a07f5-80f1-49c9-adfc-a1b28363b7ef'
    Traceback (most recent call last):
      File "/home/mauro/opt/virtualenv/lib/python3.13/site-packages/tornado/web.py", line 1790, in _execute
        result = await result
                 ^^^^^^^^^^^^
      File "/home/mauro/opt/virtualenv/lib/python3.13/site-packages/jupyter_server/auth/decorator.py", line 73, in inner
        return await out
               ^^^^^^^^^
      File "/home/mauro/opt/virtualenv/lib/python3.13/site-packages/jupyter_server/services/kernels/handlers.py", line 75, in get
        model = await ensure_async(km.kernel_model(kernel_id))
                                   ~~~~~~~~~~~~~~~^^^^^^^^^^^
      File "/home/mauro/opt/virtualenv/lib/python3.13/site-packages/jupyter_server/services/kernels/kernelmanager.py", line 508, in kernel_model
        self._check_kernel_id(kernel_id)
        ~~~~~~~~~~~~~~~~~~~~~^^^^^^^^^^^
      File "/home/mauro/opt/virtualenv/lib/python3.13/site-packages/jupyter_server/services/kernels/kernelmanager.py", line 539, in _check_kernel_id
        raise web.HTTPError(404, "Kernel does not exist: %s" % kernel_id)
    tornado.web.HTTPError: HTTP 404: Not Found (Kernel does not exist: 887a07f5-80f1-49c9-adfc-a1b28363b7ef)
[W 2025-03-03 10:12:09.091 ServerApp] 404 GET /api/kernels/887a07f5-80f1-49c9-adfc-a1b28363b7ef?1740993129089 (ebe3a3725c9a417bb492610fa0b46d74@::1) 0.86ms referer=http://localhost:8888/lab
[W 2025-03-03 10:12:09.600 ServerApp] ServerApp.password config is deprecated in 2.0. Use PasswordIdentityProvider.hashed_password.
[W 2025-03-03 10:12:09.610 ServerApp] nbclassic | error adding extension (enabled: True): The module 'nbclassic' could not be found (No module named 'nbclassic'). Are you sure the extension is installed?
    Traceback (most recent call last):
      File "/home/mauro/opt/virtualenv/lib/python3.13/site-packages/jupyter_server/extension/manager.py", line 323, in add_extension
        extpkg = ExtensionPackage(name=extension_name, enabled=enabled)
      File "/home/mauro/opt/virtualenv/lib/python3.13/site-packages/jupyter_server/extension/manager.py", line 187, in __init__
        self._load_metadata()
        ~~~~~~~~~~~~~~~~~~~^^
      File "/home/mauro/opt/virtualenv/lib/python3.13/site-packages/jupyter_server/extension/manager.py", line 202, in _load_metadata
        raise ExtensionModuleNotFound(msg) from None
    jupyter_server.extension.utils.ExtensionModuleNotFound: The module 'nbclassic' could not be found (No module named 'nbclassic'). Are you sure the extension is installed?
[I 2025-03-03 10:12:09.612 ServerApp] jupyter_lsp | extension was successfully linked.
[I 2025-03-03 10:12:09.614 ServerApp] jupyter_server_terminals | extension was successfully linked.
[I 2025-03-03 10:12:09.616 ServerApp] jupyterlab | extension was successfully linked.
[W 2025-03-03 10:12:09.616 JupyterNotebookApp] 'password' has moved from NotebookApp to ServerApp. This config will be passed to ServerApp. Be sure to update your config before our next release.
[I 2025-03-03 10:12:09.618 ServerApp] notebook | extension was successfully linked.
[I 2025-03-03 10:12:09.734 ServerApp] notebook_shim | extension was successfully linked.
[I 2025-03-03 10:12:09.741 ServerApp] notebook_shim | extension was successfully loaded.
[I 2025-03-03 10:12:09.742 ServerApp] jupyter_lsp | extension was successfully loaded.
[I 2025-03-03 10:12:09.743 ServerApp] jupyter_server_terminals | extension was successfully loaded.
[I 2025-03-03 10:12:09.743 LabApp] JupyterLab extension loaded from /home/mauro/opt/virtualenv/lib/python3.13/site-packages/jupyterlab
[I 2025-03-03 10:12:09.743 LabApp] JupyterLab application directory is /home/mauro/opt/virtualenv/share/jupyter/lab
[I 2025-03-03 10:12:09.743 LabApp] Extension Manager is 'pypi'.
[I 2025-03-03 10:12:09.759 ServerApp] jupyterlab | extension was successfully loaded.
[I 2025-03-03 10:12:09.761 ServerApp] notebook | extension was successfully loaded.
[I 2025-03-03 10:12:09.761 ServerApp] The port 8888 is already in use, trying another port.
[I 2025-03-03 10:12:09.761 ServerApp] Serving notebooks from local directory: /home/mauro/GitHub/SciCompforChemists_UNIMORE
[I 2025-03-03 10:12:09.761 ServerApp] Jupyter Server 2.15.0 is running at:
[I 2025-03-03 10:12:09.761 ServerApp] http://localhost:8889/lab
[I 2025-03-03 10:12:09.761 ServerApp]     http://127.0.0.1:8889/lab
[I 2025-03-03 10:12:09.761 ServerApp] Use Control-C to stop this server and shut down all kernels (twice to skip confirmation).
[I 2025-03-03 10:12:10.152 ServerApp] Skipped non-installed server(s): bash-language-server, dockerfile-language-server-nodejs, javascript-typescript-langserver, jedi-language-server, julia-language-server, pyright, python-language-server, r-languageserver, sql-language-server, texlab, typescript-language-server, unified-language-server, vscode-css-languageserver-bin, vscode-html-languageserver-bin, vscode-json-languageserver-bin, yaml-language-server
[W 2025-03-03 10:12:30.099 ServerApp] 404 GET /api/kernels/887a07f5-80f1-49c9-adfc-a1b28363b7ef/channels?session_id=78b3be2f-7cb0-4d49-9ab3-870f811618c6 (::1): Kernel does not exist: 887a07f5-80f1-49c9-adfc-a1b28363b7ef
[W 2025-03-03 10:12:30.100 ServerApp] 404 GET /api/kernels/887a07f5-80f1-49c9-adfc-a1b28363b7ef/channels?session_id=78b3be2f-7cb0-4d49-9ab3-870f811618c6 (ebe3a3725c9a417bb492610fa0b46d74@::1) 0.77ms referer=None
[W 2025-03-03 10:12:30.101 ServerApp] 404 GET /api/kernels/887a07f5-80f1-49c9-adfc-a1b28363b7ef?1740993150100 (::1): Kernel does not exist: 887a07f5-80f1-49c9-adfc-a1b28363b7ef
[W 2025-03-03 10:12:30.101 ServerApp] wrote error: 'Kernel does not exist: 887a07f5-80f1-49c9-adfc-a1b28363b7ef'
    Traceback (most recent call last):
      File "/home/mauro/opt/virtualenv/lib/python3.13/site-packages/tornado/web.py", line 1790, in _execute
        result = await result
                 ^^^^^^^^^^^^
      File "/home/mauro/opt/virtualenv/lib/python3.13/site-packages/jupyter_server/auth/decorator.py", line 73, in inner
        return await out
               ^^^^^^^^^
      File "/home/mauro/opt/virtualenv/lib/python3.13/site-packages/jupyter_server/services/kernels/handlers.py", line 75, in get
        model = await ensure_async(km.kernel_model(kernel_id))
                                   ~~~~~~~~~~~~~~~^^^^^^^^^^^
      File "/home/mauro/opt/virtualenv/lib/python3.13/site-packages/jupyter_server/services/kernels/kernelmanager.py", line 508, in kernel_model
        self._check_kernel_id(kernel_id)
        ~~~~~~~~~~~~~~~~~~~~~^^^^^^^^^^^
      File "/home/mauro/opt/virtualenv/lib/python3.13/site-packages/jupyter_server/services/kernels/kernelmanager.py", line 539, in _check_kernel_id
        raise web.HTTPError(404, "Kernel does not exist: %s" % kernel_id)
    tornado.web.HTTPError: HTTP 404: Not Found (Kernel does not exist: 887a07f5-80f1-49c9-adfc-a1b28363b7ef)
[W 2025-03-03 10:12:30.102 ServerApp] 404 GET /api/kernels/887a07f5-80f1-49c9-adfc-a1b28363b7ef?1740993150100 (ebe3a3725c9a417bb492610fa0b46d74@::1) 0.80ms referer=http://localhost:8888/lab
[W 2025-03-03 10:12:52.098 ServerApp] 404 GET /api/kernels/887a07f5-80f1-49c9-adfc-a1b28363b7ef/channels?session_id=78b3be2f-7cb0-4d49-9ab3-870f811618c6 (::1): Kernel does not exist: 887a07f5-80f1-49c9-adfc-a1b28363b7ef
[W 2025-03-03 10:12:52.099 ServerApp] 404 GET /api/kernels/887a07f5-80f1-49c9-adfc-a1b28363b7ef/channels?session_id=78b3be2f-7cb0-4d49-9ab3-870f811618c6 (ebe3a3725c9a417bb492610fa0b46d74@::1) 0.70ms referer=None
[W 2025-03-03 10:12:52.100 ServerApp] 404 GET /api/kernels/887a07f5-80f1-49c9-adfc-a1b28363b7ef?1740993172099 (::1): Kernel does not exist: 887a07f5-80f1-49c9-adfc-a1b28363b7ef
[W 2025-03-03 10:12:52.100 ServerApp] wrote error: 'Kernel does not exist: 887a07f5-80f1-49c9-adfc-a1b28363b7ef'
    Traceback (most recent call last):
      File "/home/mauro/opt/virtualenv/lib/python3.13/site-packages/tornado/web.py", line 1790, in _execute
        result = await result
                 ^^^^^^^^^^^^
      File "/home/mauro/opt/virtualenv/lib/python3.13/site-packages/jupyter_server/auth/decorator.py", line 73, in inner
        return await out
               ^^^^^^^^^
      File "/home/mauro/opt/virtualenv/lib/python3.13/site-packages/jupyter_server/services/kernels/handlers.py", line 75, in get
        model = await ensure_async(km.kernel_model(kernel_id))
                                   ~~~~~~~~~~~~~~~^^^^^^^^^^^
      File "/home/mauro/opt/virtualenv/lib/python3.13/site-packages/jupyter_server/services/kernels/kernelmanager.py", line 508, in kernel_model
        self._check_kernel_id(kernel_id)
        ~~~~~~~~~~~~~~~~~~~~~^^^^^^^^^^^
      File "/home/mauro/opt/virtualenv/lib/python3.13/site-packages/jupyter_server/services/kernels/kernelmanager.py", line 539, in _check_kernel_id
        raise web.HTTPError(404, "Kernel does not exist: %s" % kernel_id)
    tornado.web.HTTPError: HTTP 404: Not Found (Kernel does not exist: 887a07f5-80f1-49c9-adfc-a1b28363b7ef)
[W 2025-03-03 10:12:52.101 ServerApp] 404 GET /api/kernels/887a07f5-80f1-49c9-adfc-a1b28363b7ef?1740993172099 (ebe3a3725c9a417bb492610fa0b46d74@::1) 0.88ms referer=http://localhost:8888/lab
[W 2025-03-03 10:12:58.531 ServerApp] 404 GET /hub/api (@127.0.0.1) 0.60ms referer=None
[I 2025-03-03 10:12:58.533 ServerApp] 302 GET / (@127.0.0.1) 0.15ms
[I 2025-03-03 10:12:58.534 JupyterNotebookApp] 302 GET /tree? (@127.0.0.1) 0.26ms
[I 2025-03-03 10:13:37.090 ServerApp] User 0317b1f37650471d96a5368d571441a0 logged in.
[I 2025-03-03 10:13:37.090 ServerApp] 302 POST /login? (0317b1f37650471d96a5368d571441a0@127.0.0.1) 19.58ms
[W 2025-03-03 10:20:51.011 ServerApp] ServerApp.password config is deprecated in 2.0. Use PasswordIdentityProvider.hashed_password.
[W 2025-03-03 10:20:51.022 ServerApp] nbclassic | error adding extension (enabled: True): The module 'nbclassic' could not be found (No module named 'nbclassic'). Are you sure the extension is installed?
    Traceback (most recent call last):
      File "/home/mauro/opt/virtualenv/lib/python3.13/site-packages/jupyter_server/extension/manager.py", line 323, in add_extension
        extpkg = ExtensionPackage(name=extension_name, enabled=enabled)
      File "/home/mauro/opt/virtualenv/lib/python3.13/site-packages/jupyter_server/extension/manager.py", line 187, in __init__
        self._load_metadata()
        ~~~~~~~~~~~~~~~~~~~^^
      File "/home/mauro/opt/virtualenv/lib/python3.13/site-packages/jupyter_server/extension/manager.py", line 202, in _load_metadata
        raise ExtensionModuleNotFound(msg) from None
    jupyter_server.extension.utils.ExtensionModuleNotFound: The module 'nbclassic' could not be found (No module named 'nbclassic'). Are you sure the extension is installed?
[I 2025-03-03 10:20:51.023 ServerApp] jupyter_lsp | extension was successfully linked.
[I 2025-03-03 10:20:51.025 ServerApp] jupyter_server_terminals | extension was successfully linked.
[I 2025-03-03 10:20:51.028 ServerApp] jupyterlab | extension was successfully linked.
[W 2025-03-03 10:20:51.028 JupyterNotebookApp] 'password' has moved from NotebookApp to ServerApp. This config will be passed to ServerApp. Be sure to update your config before our next release.
[I 2025-03-03 10:20:51.030 ServerApp] notebook | extension was successfully linked.
[I 2025-03-03 10:20:51.157 ServerApp] notebook_shim | extension was successfully linked.
[I 2025-03-03 10:20:51.164 ServerApp] notebook_shim | extension was successfully loaded.
[I 2025-03-03 10:20:51.165 ServerApp] jupyter_lsp | extension was successfully loaded.
[I 2025-03-03 10:20:51.165 ServerApp] jupyter_server_terminals | extension was successfully loaded.
[I 2025-03-03 10:20:51.166 LabApp] JupyterLab extension loaded from /home/mauro/opt/virtualenv/lib/python3.13/site-packages/jupyterlab
[I 2025-03-03 10:20:51.166 LabApp] JupyterLab application directory is /home/mauro/opt/virtualenv/share/jupyter/lab
[I 2025-03-03 10:20:51.166 LabApp] Extension Manager is 'pypi'.
[I 2025-03-03 10:20:51.183 ServerApp] jupyterlab | extension was successfully loaded.
[I 2025-03-03 10:20:51.184 ServerApp] notebook | extension was successfully loaded.
[I 2025-03-03 10:20:51.185 ServerApp] Serving notebooks from local directory: /home/mauro/GitHub/SciCompforChemists_UNIMORE
[I 2025-03-03 10:20:51.185 ServerApp] Jupyter Server 2.15.0 is running at:
[I 2025-03-03 10:20:51.185 ServerApp] http://localhost:8888/lab
[I 2025-03-03 10:20:51.185 ServerApp]     http://127.0.0.1:8888/lab
[I 2025-03-03 10:20:51.185 ServerApp] Use Control-C to stop this server and shut down all kernels (twice to skip confirmation).
[I 2025-03-03 10:20:51.580 ServerApp] Skipped non-installed server(s): bash-language-server, dockerfile-language-server-nodejs, javascript-typescript-langserver, jedi-language-server, julia-language-server, pyright, python-language-server, r-languageserver, sql-language-server, texlab, typescript-language-server, unified-language-server, vscode-css-languageserver-bin, vscode-html-languageserver-bin, vscode-json-languageserver-bin, yaml-language-server
[W 2025-03-03 10:20:59.118 ServerApp] 404 GET /hub/api (@127.0.0.1) 7.92ms referer=None
[I 2025-03-03 10:20:59.119 ServerApp] 302 GET / (@127.0.0.1) 0.21ms
[I 2025-03-03 10:20:59.121 LabApp] 302 GET /lab? (@127.0.0.1) 0.28ms
[I 2025-03-03 10:21:39.875 ServerApp] User 8226b037895340208b7bde254a991fd5 logged in.
[I 2025-03-03 10:21:39.875 ServerApp] 302 POST /login? (8226b037895340208b7bde254a991fd5@127.0.0.1) 17.42ms
[W 2025-03-03 10:28:30.215 ServerApp] ServerApp.password config is deprecated in 2.0. Use PasswordIdentityProvider.hashed_password.
[W 2025-03-03 10:28:30.226 ServerApp] nbclassic | error adding extension (enabled: True): The module 'nbclassic' could not be found (No module named 'nbclassic'). Are you sure the extension is installed?
    Traceback (most recent call last):
      File "/home/mauro/opt/virtualenv/lib/python3.13/site-packages/jupyter_server/extension/manager.py", line 323, in add_extension
        extpkg = ExtensionPackage(name=extension_name, enabled=enabled)
      File "/home/mauro/opt/virtualenv/lib/python3.13/site-packages/jupyter_server/extension/manager.py", line 187, in __init__
        self._load_metadata()
        ~~~~~~~~~~~~~~~~~~~^^
      File "/home/mauro/opt/virtualenv/lib/python3.13/site-packages/jupyter_server/extension/manager.py", line 202, in _load_metadata
        raise ExtensionModuleNotFound(msg) from None
    jupyter_server.extension.utils.ExtensionModuleNotFound: The module 'nbclassic' could not be found (No module named 'nbclassic'). Are you sure the extension is installed?
[I 2025-03-03 10:28:30.227 ServerApp] jupyter_lsp | extension was successfully linked.
[I 2025-03-03 10:28:30.229 ServerApp] jupyter_server_terminals | extension was successfully linked.
[I 2025-03-03 10:28:30.231 ServerApp] jupyterlab | extension was successfully linked.
[W 2025-03-03 10:28:30.232 JupyterNotebookApp] 'password' has moved from NotebookApp to ServerApp. This config will be passed to ServerApp. Be sure to update your config before our next release.
[I 2025-03-03 10:28:30.233 ServerApp] notebook | extension was successfully linked.
[I 2025-03-03 10:28:30.349 ServerApp] notebook_shim | extension was successfully linked.
[I 2025-03-03 10:28:30.356 ServerApp] notebook_shim | extension was successfully loaded.
[I 2025-03-03 10:28:30.357 ServerApp] jupyter_lsp | extension was successfully loaded.
[I 2025-03-03 10:28:30.357 ServerApp] jupyter_server_terminals | extension was successfully loaded.
[I 2025-03-03 10:28:30.358 LabApp] JupyterLab extension loaded from /home/mauro/opt/virtualenv/lib/python3.13/site-packages/jupyterlab
[I 2025-03-03 10:28:30.358 LabApp] JupyterLab application directory is /home/mauro/opt/virtualenv/share/jupyter/lab
[I 2025-03-03 10:28:30.358 LabApp] Extension Manager is 'pypi'.
[I 2025-03-03 10:28:30.374 ServerApp] jupyterlab | extension was successfully loaded.
[I 2025-03-03 10:28:30.375 ServerApp] notebook | extension was successfully loaded.
[I 2025-03-03 10:28:30.376 ServerApp] Serving notebooks from local directory: /home/mauro/GitHub/SciCompforChemists_UNIMORE
[I 2025-03-03 10:28:30.376 ServerApp] Jupyter Server 2.15.0 is running at:
[I 2025-03-03 10:28:30.376 ServerApp] http://localhost:8889/lab
[I 2025-03-03 10:28:30.376 ServerApp]     http://127.0.0.1:8889/lab
[I 2025-03-03 10:28:30.376 ServerApp] Use Control-C to stop this server and shut down all kernels (twice to skip confirmation).
[I 2025-03-03 10:28:30.772 ServerApp] Skipped non-installed server(s): bash-language-server, dockerfile-language-server-nodejs, javascript-typescript-langserver, jedi-language-server, julia-language-server, pyright, python-language-server, r-languageserver, sql-language-server, texlab, typescript-language-server, unified-language-server, vscode-css-languageserver-bin, vscode-html-languageserver-bin, vscode-json-languageserver-bin, yaml-language-server
[W 2025-03-03 10:28:55.510 ServerApp] 404 GET /hub/api (@127.0.0.1) 7.68ms referer=None
[I 2025-03-03 10:28:55.512 ServerApp] 302 GET / (@127.0.0.1) 0.23ms
[I 2025-03-03 10:28:55.513 LabApp] 302 GET /lab? (@127.0.0.1) 0.26ms
[I 2025-03-03 10:29:22.797 ServerApp] User c5536631a65649a69337e4945cdc901e logged in.
[I 2025-03-03 10:29:22.797 ServerApp] 302 POST /login? (c5536631a65649a69337e4945cdc901e@127.0.0.1) 19.38ms
[I 2025-03-03 10:29:53.863 ServerApp] Kernel started: 7d55c0da-76a8-45a9-b3e9-b91552eb6f10
[I 2025-03-03 10:29:54.217 ServerApp] Connecting to kernel 7d55c0da-76a8-45a9-b3e9-b91552eb6f10.
